// Jest Snapshot v1, https://goo.gl/fbAQLP

exports[`History rendered correctly with data 1`] = `
<body>
  <div>
    <ul
      class="sc-bdVaJa fXHiBN"
      data-testid="recordList"
    >
      <li
        class="sc-bwzfXH jBjOpm"
      >
        Words per minute: 
        <b
          class="sc-htpNat lcmyia"
        >
          15
        </b>
        WPM
      </li>
      <li
        class="sc-bwzfXH jBjOpm"
      >
        Completion Percentage: 
        <b
          class="sc-htpNat lcmyia"
        >
          5
        </b>
         %
      </li>
    </ul>
  </div>
</body>
`;

exports[`History rendered correctly with empty data 1`] = `
<body>
  <div>
    <h2>
      No Records
    </h2>
  </div>
</body>
`;

exports[`History rendered correctly with error 1`] = `
<body>
  <div>
    <h2>
      No Records
    </h2>
  </div>
</body>
`;
